>>> train LMDB (HOMO,LUMO,GAP)…
pandas df dims:  (39121, 62)
... > creating MoleculeWrapper objects
... > bond_feats_error_count:  0
... > atom_feats_error_count:  0
element set:  ['C', 'F', 'H', 'N', 'O']
element set in featurizer ['C', 'F', 'H', 'N', 'O']
selected atomic keys ['extra_feat_atom_Hamiltonian_K']
selected bond keys ['extra_feat_bond_Lagrangian_K', 'extra_feat_bond_Hamiltonian_K']
selected global keys ['homo', 'lumo', 'gap']
... > Building graphs and featurizing
included in graph features
{'atom': ['total_degree', 'total_H', 'is_in_ring', 'ring_size_3', 'ring_size_4', 'ring_size_5', 'ring_size_6', 'chemical_symbol_C', 'chemical_symbol_F', 'chemical_symbol_H', 'chemical_symbol_N', 'chemical_symbol_O', 'extra_feat_atom_Hamiltonian_K'], 'bond': ['metal bond', 'ring inclusion', 'ring size_3', 'ring size_4', 'ring size_5', 'ring size_6', 'extra_feat_bond_Lagrangian_K', 'extra_feat_bond_Hamiltonian_K'], 'global': ['num atoms', 'num bonds', 'molecule weight']}
... > parsing labels and features in graphs
... > Scaling features
Standard deviation for feature 0 is 0.0, smaller than 0.001. You may want to exclude this feature.
... > feature mean(s): 
 {'atom': tensor([1.3962e+00, 3.4171e-01, 2.1565e-01, 6.1279e-02, 7.5622e-02, 5.6757e-02,
        2.1987e-02, 3.4560e-01, 8.5272e-06, 5.1086e-01, 6.0809e-02, 8.2722e-02,
        5.5272e+04]), 'bond': tensor([0.0000, 0.3237, 0.0953, 0.1169, 0.0882, 0.0355, 0.1347, 0.3262]), 'global': tensor([ 17.9860,  12.5558, 123.0482])}
... > feature std(s):  
 {'atom': tensor([1.4654e+00, 6.6571e-01, 4.1127e-01, 2.3984e-01, 2.6439e-01, 2.3138e-01,
        1.4664e-01, 4.7556e-01, 2.9201e-03, 4.9988e-01, 2.3898e-01, 2.7546e-01,
        8.1728e+04]), 'bond': tensor([0.0010, 0.4679, 0.2936, 0.3213, 0.2836, 0.1851, 0.1865, 0.1512]), 'global': tensor([2.9253, 1.8728, 7.2596])}
... > Scaling targets
... > feature mean(s): 
 {'global': tensor([-0.2392,  0.0103,  0.2495])}
... > feature std(s):  
 {'global': tensor([0.0214, 0.0478, 0.0485])}
%%%%%%%%%%%%%%%%%%%%%%%%%%%%%%%% LOADED DATASET %%%%%%%%%%%%%%%%%%%%%%%%%%%%%%%%
...> writing molecules to lmdb
>>> test LMDB (HOMO,LUMO,GAP)…
pandas df dims:  (4355, 62)
... > creating MoleculeWrapper objects
... > bond_feats_error_count:  0
... > atom_feats_error_count:  0
element set:  ['C', 'F', 'H', 'N', 'O']
element set in featurizer ['C', 'F', 'H', 'N', 'O']
selected atomic keys ['extra_feat_atom_Hamiltonian_K']
selected bond keys ['extra_feat_bond_Lagrangian_K', 'extra_feat_bond_Hamiltonian_K']
selected global keys ['homo', 'lumo', 'gap']
... > Building graphs and featurizing
included in graph features
{'atom': ['total_degree', 'total_H', 'is_in_ring', 'ring_size_3', 'ring_size_4', 'ring_size_5', 'ring_size_6', 'chemical_symbol_C', 'chemical_symbol_F', 'chemical_symbol_H', 'chemical_symbol_N', 'chemical_symbol_O', 'extra_feat_atom_Hamiltonian_K'], 'bond': ['metal bond', 'ring inclusion', 'ring size_3', 'ring size_4', 'ring size_5', 'ring size_6', 'extra_feat_bond_Lagrangian_K', 'extra_feat_bond_Hamiltonian_K'], 'global': ['num atoms', 'num bonds', 'molecule weight']}
... > parsing labels and features in graphs
... > Scaling features
Standard deviation for feature 0 is 0.0, smaller than 0.001. You may want to exclude this feature.
... > feature mean(s): 
 {'atom': tensor([1.3999e+00, 3.4203e-01, 2.1622e-01, 6.2135e-02, 7.6472e-02, 5.7040e-02,
        2.0571e-02, 3.4630e-01, 1.2801e-05, 5.0968e-01, 6.0817e-02, 8.3193e-02,
        5.5459e+04]), 'bond': tensor([0.0000, 0.3241, 0.0966, 0.1188, 0.0875, 0.0335, 0.1345, 0.3263]), 'global': tensor([ 17.9380,  12.5561, 122.9878])}
... > feature std(s):  
 {'atom': tensor([1.4684e+00, 6.6538e-01, 4.1167e-01, 2.4140e-01, 2.6575e-01, 2.3192e-01,
        1.4194e-01, 4.7579e-01, 3.5778e-03, 4.9991e-01, 2.3899e-01, 2.7617e-01,
        8.1873e+04]), 'bond': tensor([0.0010, 0.4680, 0.2954, 0.3236, 0.2826, 0.1799, 0.1855, 0.1510]), 'global': tensor([2.8742, 1.8669, 7.0943])}
... > Scaling targets
... > feature mean(s): 
 {'global': tensor([-0.2393,  0.0104,  0.2497])}
... > feature std(s):  
 {'global': tensor([0.0215, 0.0475, 0.0481])}
%%%%%%%%%%%%%%%%%%%%%%%%%%%%%%%% LOADED DATASET %%%%%%%%%%%%%%%%%%%%%%%%%%%%%%%%
...> writing molecules to lmdb
>>> LMDB contents:
/lustre/fsn1/projects/rech/ihj/urb54jd/qtaim_embed_private/data_suba/lmdb/qm9_lmdb_multi_43k/test/molecule.lmdb	63592 KB
/lustre/fsn1/projects/rech/ihj/urb54jd/qtaim_embed_private/data_suba/lmdb/qm9_lmdb_multi_43k/test/molecule.lmdb-lock	1 KB
/lustre/fsn1/projects/rech/ihj/urb54jd/qtaim_embed_private/data_suba/lmdb/qm9_lmdb_multi_43k/train/molecule.lmdb	571136 KB
/lustre/fsn1/projects/rech/ihj/urb54jd/qtaim_embed_private/data_suba/lmdb/qm9_lmdb_multi_43k/train/molecule.lmdb-lock	4 KB
DONE.
