slurmstepd: error: Unable to create TMPDIR [/lustre/fsn1/jobscratch/urb54jd_1434377/]: Permission denied
slurmstepd: error: Setting TMPDIR to /tmp
wandb: Tracking run with wandb version 0.21.1
wandb: W&B syncing is set to `offline` in this directory. Run `wandb online` or set WANDB_MODE=online to enable cloud syncing.
wandb: Run data is saved locally in /lustre/fsn1/projects/rech/ihj/urb54jd/qtaim_embed_private/logs_suba/train_qm9_multi_1440134/wandb/wandb/offline-run-20250919_062918-uqe94d4j
Using bfloat16 Automatic Mixed Precision (AMP)
GPU available: True (cuda), used: True
TPU available: False, using: 0 TPU cores
HPU available: False, using: 0 HPUs
Initializing distributed: GLOBAL_RANK: 0, MEMBER: 1/1
----------------------------------------------------------------------------------------------------
distributed_backend=nccl
All distributed processes registered. Starting with 1 processes
----------------------------------------------------------------------------------------------------

/lustre/fsn1/projects/rech/ihj/urb54jd/qtaim_embed_proj/env/qtaim_embed/lib/python3.10/site-packages/pytorch_lightning/loggers/wandb.py:396: There is a wandb run already in progress and newly created instances of `WandbLogger` will reuse this run. If this is not desired, call `wandb.finish()` before instantiating `WandbLogger`.
/lustre/fsn1/projects/rech/ihj/urb54jd/qtaim_embed_proj/env/qtaim_embed/lib/python3.10/site-packages/pytorch_lightning/callbacks/model_checkpoint.py:654: Checkpoint directory /lustre/fsn1/projects/rech/ihj/urb54jd/qtaim_embed_private/logs_suba/train_qm9_multi_1440134/logs exists and is not empty.
LOCAL_RANK: 0 - CUDA_VISIBLE_DEVICES: [0,1,2,3]
/lustre/fsn1/projects/rech/ihj/urb54jd/qtaim_embed_proj/env/qtaim_embed/lib/python3.10/site-packages/torch/optim/lr_scheduler.py:60: UserWarning: The verbose parameter is deprecated. Please use get_last_lr() to access the learning rate.
  warnings.warn(

   | Name            | Type                          | Params | Mode 
---------------------------------------------------------------------------
0  | activation      | ReLU                          | 0      | train
1  | embedding       | UnifySize                     | 2.4 K  | train
2  | conv_layers     | ModuleList                    | 526 K  | train
3  | readout         | GlobalAttentionPoolingThenCat | 206    | train
4  | loss            | ModuleList                    | 0      | train
5  | fc_layers       | ModuleList                    | 1.3 M  | train
6  | train_r2        | MultioutputWrapper            | 0      | train
7  | train_torch_l1  | MultioutputWrapper            | 0      | train
8  | train_torch_mse | MultioutputWrapper            | 0      | train
9  | val_r2          | MultioutputWrapper            | 0      | train
10 | val_torch_l1    | MultioutputWrapper            | 0      | train
11 | val_torch_mse   | MultioutputWrapper            | 0      | train
12 | test_r2         | MultioutputWrapper            | 0      | train
13 | test_torch_l1   | MultioutputWrapper            | 0      | train
14 | test_torch_mse  | MultioutputWrapper            | 0      | train
---------------------------------------------------------------------------
1.8 M     Trainable params
0         Non-trainable params
1.8 M     Total params
7.178     Total estimated model params size (MB)
301       Modules in train mode
0         Modules in eval mode
SLURM auto-requeueing enabled. Setting signal handlers.
/lustre/fsn1/projects/rech/ihj/urb54jd/qtaim_embed_proj/env/qtaim_embed/lib/python3.10/site-packages/dgl/backend/pytorch/sparse.py:157: FutureWarning: `torch.cuda.amp.autocast_mode._cast(value, dtype)` is deprecated. Please use `torch.amp.autocast_mode._cast(value, 'cuda', dtype)` instead.
  return th.cuda.amp.autocast_mode._cast(
/lustre/fsn1/projects/rech/ihj/urb54jd/qtaim_embed_proj/env/qtaim_embed/lib/python3.10/site-packages/dgl/backend/pytorch/sparse.py:148: FutureWarning: `torch.cuda.amp.autocast(args...)` is deprecated. Please use `torch.amp.autocast('cuda', args...)` instead.
  return th.cuda.amp.autocast(enabled=False)
/lustre/fsn1/projects/rech/ihj/urb54jd/qtaim_embed_proj/env/qtaim_embed/lib/python3.10/site-packages/pytorch_lightning/trainer/connectors/logger_connector/result.py:431: It is recommended to use `self.log('val_mae', ..., sync_dist=True)` when logging on epoch level in distributed setting to accumulate the metric across devices.
LOCAL_RANK: 0 - CUDA_VISIBLE_DEVICES: [0,1,2,3]
SLURM auto-requeueing enabled. Setting signal handlers.
/lustre/fsn1/projects/rech/ihj/urb54jd/qtaim_embed_proj/env/qtaim_embed/lib/python3.10/site-packages/pytorch_lightning/trainer/connectors/data_connector.py:215: Using `DistributedSampler` with the dataloaders. During `trainer.test()`, it is recommended to use `Trainer(devices=1, num_nodes=1)` to ensure each sample/batch gets evaluated exactly once. Otherwise, multi-device settings use `DistributedSampler` that replicates some samples to make sure all devices have same batch size in case of uneven inputs.
wandb:                                                                                
wandb: 
wandb: Run history:
wandb:               epoch ▁▁▁▁▁▂▂▂▂▂▃▃▃▃▃▃▃▄▄▄▄▄▄▄▅▅▆▆▆▆▆▆▆▇▇▇▇▇██
wandb:             lr-Adam ███████████████▄▄▄▄▃▃▃▃▃▃▂▂▂▂▁▁▁▁▁▁▁▁▁▁▁
wandb:           test_loss ▁
wandb:            test_mae ▁
wandb:            test_mse ▁
wandb:             test_r2 ▁
wandb:          train_loss █▇▆▆▅▄▄▄▄▄▃▃▃▃▃▃▂▂▂▂▂▂▁▁▁▁▁▁▁▁▁▁▁▁▁▁▁▁▁▁
wandb:           train_mae █▄▄▃▂▂▂▂▂▂▂▂▂▂▂▁▁▁▁▁▁▁▁▁▁▁▁▁▁▁▁▁▁▁▁▁▁▁▁▁
wandb:           train_mse █▅▅▃▄▃▃▃▂▂▂▂▂▂▂▂▁▁▁▁▁▁▁▁▁▁▁▁▁▁▁▁▁▁▁▁▁▁▁▁
wandb:            train_r2 ▁▂▅▅▆▆▇▇▇▇▇▇▇▇▇▇▇▇██████████████████████
wandb: trainer/global_step ▁▁▁▁▁▂▂▂▂▂▂▃▃▃▃▃▃▃▃▃▄▄▄▄▅▅▆▆▆▆▆▆▇▇▇▇▇▇██
wandb:            val_loss ██▆▅▅▄▃▃▃▃▂▂▂▂▂▁▂▁▁▁▁▁▁▁▁▁▁▁▁▁▁▁▁▁▁▁▁▁▁▁
wandb:             val_mae ██▇▇▇▆▆▄▄▃▃▃▃▃▃▂▂▂▂▂▁▁▁▁▁▁▁▁▁▁▁▁▁▁▁▁▁▁▁▁
wandb:             val_mse █▇▅▃▃▃▃▃▃▃▂▂▂▂▂▂▂▂▂▂▁▁▁▁▁▁▁▁▁▁▁▁▁▁▁▁▁▁▁▁
wandb:              val_r2 ▁▄▅▆▇▇▇▇▇▇█▇█▇██████████████████████████
wandb: 
wandb: Run summary:
wandb:               epoch 491
wandb:             lr-Adam 0.0
wandb:           test_loss 0.09351
wandb:            test_mae 0.12273
wandb:            test_mse 0.17161
wandb:             test_r2 0.97332
wandb:          train_loss 0.11916
wandb:           train_mae 0.14846
wandb:           train_mse 0.19493
wandb:            train_r2 0.96738
wandb: trainer/global_step 92799
wandb:            val_loss 0.09351
wandb:             val_mae 0.12273
wandb:             val_mse 0.17161
wandb:              val_r2 0.97332
wandb: 
wandb: You can sync this run to the cloud by running:
wandb: wandb sync /lustre/fsn1/projects/rech/ihj/urb54jd/qtaim_embed_private/logs_suba/train_qm9_multi_1440134/wandb/wandb/offline-run-20250919_062918-uqe94d4j
wandb: Find logs at: ./logs_suba/train_qm9_multi_1440134/wandb/wandb/offline-run-20250919_062918-uqe94d4j/logs
