wandb: Tracking run with wandb version 0.21.1
wandb: W&B syncing is set to `offline` in this directory. Run `wandb online` or set WANDB_MODE=online to enable cloud syncing.
wandb: Run data is saved locally in /lustre/fsn1/projects/rech/ihj/urb54jd/qtaim_embed_private/logs_suba/train_qm9_multi_1766815/wandb/wandb/offline-run-20250923_022507-057hgxmi
Using bfloat16 Automatic Mixed Precision (AMP)
GPU available: True (cuda), used: True
TPU available: False, using: 0 TPU cores
HPU available: False, using: 0 HPUs
Initializing distributed: GLOBAL_RANK: 0, MEMBER: 1/1
----------------------------------------------------------------------------------------------------
distributed_backend=nccl
All distributed processes registered. Starting with 1 processes
----------------------------------------------------------------------------------------------------

/lustre/fsn1/projects/rech/ihj/urb54jd/qtaim_embed_proj/env/qtaim_embed/lib/python3.10/site-packages/pytorch_lightning/loggers/wandb.py:396: There is a wandb run already in progress and newly created instances of `WandbLogger` will reuse this run. If this is not desired, call `wandb.finish()` before instantiating `WandbLogger`.
/lustre/fsn1/projects/rech/ihj/urb54jd/qtaim_embed_proj/env/qtaim_embed/lib/python3.10/site-packages/pytorch_lightning/callbacks/model_checkpoint.py:654: Checkpoint directory /lustre/fsn1/projects/rech/ihj/urb54jd/qtaim_embed_private/logs_suba/train_qm9_multi_1766815/logs exists and is not empty.
LOCAL_RANK: 0 - CUDA_VISIBLE_DEVICES: [0,1,2,3]
/lustre/fsn1/projects/rech/ihj/urb54jd/qtaim_embed_proj/env/qtaim_embed/lib/python3.10/site-packages/torch/optim/lr_scheduler.py:60: UserWarning: The verbose parameter is deprecated. Please use get_last_lr() to access the learning rate.
  warnings.warn(

   | Name            | Type                          | Params | Mode 
---------------------------------------------------------------------------
0  | activation      | ReLU                          | 0      | train
1  | embedding       | UnifySize                     | 2.4 K  | train
2  | conv_layers     | ModuleList                    | 526 K  | train
3  | readout         | GlobalAttentionPoolingThenCat | 206    | train
4  | loss            | ModuleList                    | 0      | train
5  | fc_layers       | ModuleList                    | 1.3 M  | train
6  | train_r2        | MultioutputWrapper            | 0      | train
7  | train_torch_l1  | MultioutputWrapper            | 0      | train
8  | train_torch_mse | MultioutputWrapper            | 0      | train
9  | val_r2          | MultioutputWrapper            | 0      | train
10 | val_torch_l1    | MultioutputWrapper            | 0      | train
11 | val_torch_mse   | MultioutputWrapper            | 0      | train
12 | test_r2         | MultioutputWrapper            | 0      | train
13 | test_torch_l1   | MultioutputWrapper            | 0      | train
14 | test_torch_mse  | MultioutputWrapper            | 0      | train
---------------------------------------------------------------------------
1.8 M     Trainable params
0         Non-trainable params
1.8 M     Total params
7.178     Total estimated model params size (MB)
301       Modules in train mode
0         Modules in eval mode
SLURM auto-requeueing enabled. Setting signal handlers.
/lustre/fsn1/projects/rech/ihj/urb54jd/qtaim_embed_proj/env/qtaim_embed/lib/python3.10/site-packages/pytorch_lightning/loops/fit_loop.py:298: The number of training batches (62) is smaller than the logging interval Trainer(log_every_n_steps=500). Set a lower value for log_every_n_steps if you want to see logs for the training epoch.
/lustre/fsn1/projects/rech/ihj/urb54jd/qtaim_embed_proj/env/qtaim_embed/lib/python3.10/site-packages/dgl/backend/pytorch/sparse.py:157: FutureWarning: `torch.cuda.amp.autocast_mode._cast(value, dtype)` is deprecated. Please use `torch.amp.autocast_mode._cast(value, 'cuda', dtype)` instead.
  return th.cuda.amp.autocast_mode._cast(
/lustre/fsn1/projects/rech/ihj/urb54jd/qtaim_embed_proj/env/qtaim_embed/lib/python3.10/site-packages/dgl/backend/pytorch/sparse.py:148: FutureWarning: `torch.cuda.amp.autocast(args...)` is deprecated. Please use `torch.amp.autocast('cuda', args...)` instead.
  return th.cuda.amp.autocast(enabled=False)
/lustre/fsn1/projects/rech/ihj/urb54jd/qtaim_embed_proj/env/qtaim_embed/lib/python3.10/site-packages/pytorch_lightning/trainer/connectors/logger_connector/result.py:431: It is recommended to use `self.log('val_mae', ..., sync_dist=True)` when logging on epoch level in distributed setting to accumulate the metric across devices.
LOCAL_RANK: 0 - CUDA_VISIBLE_DEVICES: [0,1,2,3]
SLURM auto-requeueing enabled. Setting signal handlers.
/lustre/fsn1/projects/rech/ihj/urb54jd/qtaim_embed_proj/env/qtaim_embed/lib/python3.10/site-packages/pytorch_lightning/trainer/connectors/data_connector.py:215: Using `DistributedSampler` with the dataloaders. During `trainer.test()`, it is recommended to use `Trainer(devices=1, num_nodes=1)` to ensure each sample/batch gets evaluated exactly once. Otherwise, multi-device settings use `DistributedSampler` that replicates some samples to make sure all devices have same batch size in case of uneven inputs.
Traceback (most recent call last):
  File "/lustre/fsn1/projects/rech/ihj/urb54jd/qtaim_embed_private/qtaim_embed/scripts/train/train_qtaim_graph_43k.py", line 164, in _per_task_eval_lmdb
    yp = model(g)  # many models infer features internally
  File "/lustre/fsn1/projects/rech/ihj/urb54jd/qtaim_embed_proj/env/qtaim_embed/lib/python3.10/site-packages/torch/nn/modules/module.py", line 1553, in _wrapped_call_impl
    return self._call_impl(*args, **kwargs)
  File "/lustre/fsn1/projects/rech/ihj/urb54jd/qtaim_embed_proj/env/qtaim_embed/lib/python3.10/site-packages/torch/nn/modules/module.py", line 1562, in _call_impl
    return forward_call(*args, **kwargs)
TypeError: GCNGraphPred.forward() missing 1 required positional argument: 'feat'

During handling of the above exception, another exception occurred:

Traceback (most recent call last):
  File "/lustre/fsn1/projects/rech/ihj/urb54jd/qtaim_embed_private/qtaim_embed/scripts/train/train_qtaim_graph_43k.py", line 382, in <module>
    df = _per_task_eval_lmdb(config, dm, best_ckpt)
  File "/lustre/fsn1/projects/rech/ihj/urb54jd/qtaim_embed_private/qtaim_embed/scripts/train/train_qtaim_graph_43k.py", line 167, in _per_task_eval_lmdb
    yp = model(g, x) if x is not None else model(g)
  File "/lustre/fsn1/projects/rech/ihj/urb54jd/qtaim_embed_proj/env/qtaim_embed/lib/python3.10/site-packages/torch/nn/modules/module.py", line 1553, in _wrapped_call_impl
    return self._call_impl(*args, **kwargs)
  File "/lustre/fsn1/projects/rech/ihj/urb54jd/qtaim_embed_proj/env/qtaim_embed/lib/python3.10/site-packages/torch/nn/modules/module.py", line 1562, in _call_impl
    return forward_call(*args, **kwargs)
TypeError: GCNGraphPred.forward() missing 1 required positional argument: 'feat'
wandb:                                                                                
wandb: 
wandb: Run history:
wandb:               epoch ▁▁▁▁▁▂▃▃▃▃▃▃▄▄▄▄▄▄▅▅▅▅▅▅▅▆▆▆▆▇▇▇▇▇▇▇████
wandb:             lr-Adam ███████████████▄▄▄▄▄▄▃▃▂▂▂▂▂▁▁▁▁▁▁▁▁▁▁▁▁
wandb:           test_loss ▁
wandb:            test_mae ▁
wandb:            test_mse ▁
wandb:             test_r2 ▁
wandb:          train_loss █▇▇▅▅▄▄▃▃▃▂▂▂▂▂▂▁▁▁▁▁▁▁▁▁▁▁▁▁▁▁▁▁▁▁▁▁▁▁▁
wandb:           train_mae █▇▆▅▅▅▅▅▅▄▄▄▄▄▄▃▃▃▃▃▂▂▂▂▂▂▂▂▂▂▁▁▁▁▁▁▁▁▁▁
wandb:           train_mse █▆▅▅▄▃▃▃▃▃▂▂▂▂▂▂▂▁▁▁▁▁▁▁▁▁▁▁▁▁▁▁▁▁▁▁▁▁▁▁
wandb:            train_r2 ▁▅▅▅▆▆▆▇▇▇▇▇▇▇▇█████████████████████████
wandb: trainer/global_step ▁▁▂▂▂▂▂▂▃▃▃▃▃▄▄▄▄▄▄▅▅▅▅▅▆▆▆▆▆▆▇▇▇▇▇▇▇▇██
wandb:            val_loss ██▇▆▅▄▄▄▄▃▃▂▂▂▂▂▂▂▁▁▁▁▁▁▁▁▁▁▁▁▁▁▁▁▁▁▁▁▁▁
wandb:             val_mae ██▅▅▅▅▅▅▄▄▄▄▃▃▃▃▃▂▂▂▂▂▂▂▂▂▁▁▁▁▁▁▁▁▁▁▁▁▁▁
wandb:             val_mse █▇▆▆▅▄▄▄▄▄▃▃▃▂▃▂▂▂▂▂▂▂▂▂▂▁▁▁▁▁▁▁▁▁▁▁▁▁▁▁
wandb:              val_r2 ▁▂▄▄▅▆▅▆▆▆▇▇▇▇▇▇▇▇██████████████████████
wandb: 
wandb: Run summary:
wandb:               epoch 330
wandb:             lr-Adam 0.0
wandb:           test_loss 0.22522
wandb:            test_mae 0.18451
wandb:            test_mse 0.2659
wandb:             test_r2 0.93281
wandb:          train_loss 0.22103
wandb:           train_mae 0.19872
wandb:           train_mse 0.26566
wandb:            train_r2 0.9389
wandb: trainer/global_step 20460
wandb:            val_loss 0.22522
wandb:             val_mae 0.18451
wandb:             val_mse 0.2659
wandb:              val_r2 0.93281
wandb: 
wandb: You can sync this run to the cloud by running:
wandb: wandb sync /lustre/fsn1/projects/rech/ihj/urb54jd/qtaim_embed_private/logs_suba/train_qm9_multi_1766815/wandb/wandb/offline-run-20250923_022507-057hgxmi
wandb: Find logs at: ./logs_suba/train_qm9_multi_1766815/wandb/wandb/offline-run-20250923_022507-057hgxmi/logs
[rank0]: Traceback (most recent call last):
[rank0]:   File "/lustre/fsn1/projects/rech/ihj/urb54jd/qtaim_embed_private/qtaim_embed/scripts/train/train_qtaim_graph_43k.py", line 164, in _per_task_eval_lmdb
[rank0]:     yp = model(g)  # many models infer features internally
[rank0]:   File "/lustre/fsn1/projects/rech/ihj/urb54jd/qtaim_embed_proj/env/qtaim_embed/lib/python3.10/site-packages/torch/nn/modules/module.py", line 1553, in _wrapped_call_impl
[rank0]:     return self._call_impl(*args, **kwargs)
[rank0]:   File "/lustre/fsn1/projects/rech/ihj/urb54jd/qtaim_embed_proj/env/qtaim_embed/lib/python3.10/site-packages/torch/nn/modules/module.py", line 1562, in _call_impl
[rank0]:     return forward_call(*args, **kwargs)
[rank0]: TypeError: GCNGraphPred.forward() missing 1 required positional argument: 'feat'

[rank0]: During handling of the above exception, another exception occurred:

[rank0]: Traceback (most recent call last):
[rank0]:   File "/lustre/fsn1/projects/rech/ihj/urb54jd/qtaim_embed_proj/env/qtaim_embed/lib/python3.10/runpy.py", line 196, in _run_module_as_main
[rank0]:     return _run_code(code, main_globals, None,
[rank0]:   File "/lustre/fsn1/projects/rech/ihj/urb54jd/qtaim_embed_proj/env/qtaim_embed/lib/python3.10/runpy.py", line 86, in _run_code
[rank0]:     exec(code, run_globals)
[rank0]:   File "/lustre/fsn1/projects/rech/ihj/urb54jd/qtaim_embed_private/qtaim_embed/scripts/train/train_qtaim_graph_43k.py", line 382, in <module>
[rank0]:     df = _per_task_eval_lmdb(config, dm, best_ckpt)
[rank0]:   File "/lustre/fsn1/projects/rech/ihj/urb54jd/qtaim_embed_private/qtaim_embed/scripts/train/train_qtaim_graph_43k.py", line 167, in _per_task_eval_lmdb
[rank0]:     yp = model(g, x) if x is not None else model(g)
[rank0]:   File "/lustre/fsn1/projects/rech/ihj/urb54jd/qtaim_embed_proj/env/qtaim_embed/lib/python3.10/site-packages/torch/nn/modules/module.py", line 1553, in _wrapped_call_impl
[rank0]:     return self._call_impl(*args, **kwargs)
[rank0]:   File "/lustre/fsn1/projects/rech/ihj/urb54jd/qtaim_embed_proj/env/qtaim_embed/lib/python3.10/site-packages/torch/nn/modules/module.py", line 1562, in _call_impl
[rank0]:     return forward_call(*args, **kwargs)
[rank0]: TypeError: GCNGraphPred.forward() missing 1 required positional argument: 'feat'
srun: error: jzxh286: task 0: Exited with exit code 1
srun: Terminating StepId=1766815.0
