>>> train LMDB (HOMO,LUMO,GAP)…
pandas df dims:  (120463, 62)
... > creating MoleculeWrapper objects
... > bond_feats_error_count:  0
... > atom_feats_error_count:  0
element set:  ['C', 'F', 'H', 'N', 'O']
element set in featurizer ['C', 'F', 'H', 'N', 'O']
selected atomic keys ['extra_feat_atom_Hamiltonian_K']
selected bond keys ['extra_feat_bond_Lagrangian_K', 'extra_feat_bond_Hamiltonian_K']
selected global keys ['homo', 'lumo', 'gap']
... > Building graphs and featurizing
included in graph features
{'atom': ['total_degree', 'total_H', 'is_in_ring', 'ring_size_3', 'ring_size_4', 'ring_size_5', 'ring_size_6', 'chemical_symbol_C', 'chemical_symbol_F', 'chemical_symbol_H', 'chemical_symbol_N', 'chemical_symbol_O', 'extra_feat_atom_Hamiltonian_K'], 'bond': ['metal bond', 'ring inclusion', 'ring size_3', 'ring size_4', 'ring size_5', 'ring size_6', 'extra_feat_bond_Lagrangian_K', 'extra_feat_bond_Hamiltonian_K'], 'global': ['num atoms', 'num bonds', 'molecule weight']}
... > parsing labels and features in graphs
... > Scaling features
Standard deviation for feature 0 is 0.0, smaller than 0.001. You may want to exclude this feature.
... > feature mean(s): 
 {'atom': tensor([1.3828e+00, 3.3935e-01, 2.0445e-01, 5.7577e-02, 7.0864e-02, 5.4932e-02,
        2.1074e-02, 3.5162e-01, 1.3579e-03, 5.1094e-01, 5.8018e-02, 7.8066e-02,
        5.4626e+04]), 'bond': tensor([0.0000, 0.3087, 0.0898, 0.1095, 0.0859, 0.0344, 0.1330, 0.3261]), 'global': tensor([ 17.9853,  12.4348, 122.7626])}
... > feature std(s):  
 {'atom': tensor([1.4411e+00, 6.5436e-01, 4.0330e-01, 2.3294e-01, 2.5660e-01, 2.2785e-01,
        1.4363e-01, 4.7748e-01, 3.6825e-02, 4.9988e-01, 2.3378e-01, 2.6827e-01,
        8.1907e+04]), 'bond': tensor([0.0010, 0.4620, 0.2859, 0.3123, 0.2802, 0.1824, 0.1840, 0.1511]), 'global': tensor([2.9574, 1.9210, 7.5747])}
... > Scaling targets
... > feature mean(s): 
 {'global': tensor([-0.2400,  0.0111,  0.2511])}
... > feature std(s):  
 {'global': tensor([0.0221, 0.0470, 0.0475])}
%%%%%%%%%%%%%%%%%%%%%%%%%%%%%%%% LOADED DATASET %%%%%%%%%%%%%%%%%%%%%%%%%%%%%%%%
...> writing molecules to lmdb
>>> test LMDB (HOMO,LUMO,GAP)…
pandas df dims:  (13385, 62)
... > creating MoleculeWrapper objects
... > bond_feats_error_count:  0
... > atom_feats_error_count:  0
element set:  ['C', 'F', 'H', 'N', 'O']
element set in featurizer ['C', 'F', 'H', 'N', 'O']
selected atomic keys ['extra_feat_atom_Hamiltonian_K']
selected bond keys ['extra_feat_bond_Lagrangian_K', 'extra_feat_bond_Hamiltonian_K']
selected global keys ['homo', 'lumo', 'gap']
... > Building graphs and featurizing
included in graph features
{'atom': ['total_degree', 'total_H', 'is_in_ring', 'ring_size_3', 'ring_size_4', 'ring_size_5', 'ring_size_6', 'chemical_symbol_C', 'chemical_symbol_F', 'chemical_symbol_H', 'chemical_symbol_N', 'chemical_symbol_O', 'extra_feat_atom_Hamiltonian_K'], 'bond': ['metal bond', 'ring inclusion', 'ring size_3', 'ring size_4', 'ring size_5', 'ring size_6', 'extra_feat_bond_Lagrangian_K', 'extra_feat_bond_Hamiltonian_K'], 'global': ['num atoms', 'num bonds', 'molecule weight']}
... > parsing labels and features in graphs
... > Scaling features
Standard deviation for feature 0 is 0.0, smaller than 0.001. You may want to exclude this feature.
... > feature mean(s): 
 {'atom': tensor([1.3868e+00, 3.3988e-01, 2.0473e-01, 5.8038e-02, 7.2597e-02, 5.3980e-02,
        2.0118e-02, 3.5140e-01, 1.5466e-03, 5.1053e-01, 5.8329e-02, 7.8197e-02,
        5.4796e+04]), 'bond': tensor([0.0000, 0.3085, 0.0901, 0.1126, 0.0838, 0.0331, 0.1328, 0.3262]), 'global': tensor([ 17.9703,  12.4604, 122.7865])}
... > feature std(s):  
 {'atom': tensor([1.4437e+00, 6.5400e-01, 4.0351e-01, 2.3382e-01, 2.5947e-01, 2.2598e-01,
        1.4040e-01, 4.7741e-01, 3.9296e-02, 4.9989e-01, 2.3436e-01, 2.6848e-01,
        8.2224e+04]), 'bond': tensor([0.0010, 0.4619, 0.2863, 0.3161, 0.2771, 0.1789, 0.1831, 0.1509]), 'global': tensor([2.9270, 1.9316, 7.4811])}
... > Scaling targets
... > feature mean(s): 
 {'global': tensor([-0.2401,  0.0111,  0.2511])}
... > feature std(s):  
 {'global': tensor([0.0220, 0.0467, 0.0472])}
%%%%%%%%%%%%%%%%%%%%%%%%%%%%%%%% LOADED DATASET %%%%%%%%%%%%%%%%%%%%%%%%%%%%%%%%
...> writing molecules to lmdb
>>> LMDB contents:
/lustre/fsn1/projects/rech/ihj/urb54jd/qtaim_embed_private/data_suba/lmdb/qm9_lmdb_multi/test/molecule.lmdb	194744 KB
/lustre/fsn1/projects/rech/ihj/urb54jd/qtaim_embed_private/data_suba/lmdb/qm9_lmdb_multi/test/molecule.lmdb-lock	1 KB
/lustre/fsn1/projects/rech/ihj/urb54jd/qtaim_embed_private/data_suba/lmdb/qm9_lmdb_multi/train/molecule.lmdb	1751100 KB
/lustre/fsn1/projects/rech/ihj/urb54jd/qtaim_embed_private/data_suba/lmdb/qm9_lmdb_multi/train/molecule.lmdb-lock	4 KB
DONE.
